[tongtang.lpress.xyz/index.html]
[backblue.gif]
[fade.gif]
[index.html]
[tongtang.lpress.xyz/frontend/img/favicon.ico]
[tongtang.lpress.xyz/frontend/css/bootstrap.min.css]
[tongtang.lpress.xyz/frontend/css/fontawesome-all.min.css]
[tongtang.lpress.xyz/frontend/css/font.css]
[tongtang.lpress.xyz/frontend/css/nprogress.css]
[tongtang.lpress.xyz/frontend/css/default.css]
[tongtang.lpress.xyz/frontend/css/style.css]
[tongtang.lpress.xyz/frontend/css/responsive.css]
[tongtang.lpress.xyz/frontend/img/logo/logo.png]
[tongtang.lpress.xyz/search.html]
[tongtang.lpress.xyz/login.html]
[tongtang.lpress.xyz/frontend/img/upload.png]
[tongtang.lpress.xyz/frontend/img/cancel.png]
[tongtang.lpress.xyz/uploads/1.mp4]
[tongtang.lpress.xyz/user/alison-phood.html]
[tongtang.lpress.xyz/uploads/profile3.png]
[tongtang.lpress.xyz/uploads/2.mp4]
[tongtang.lpress.xyz/uploads/3.mp4]
[tongtang.lpress.xyz/user/ankhi-alamgir.html]
[tongtang.lpress.xyz/uploads/profile4.png]
[tongtang.lpress.xyz/uploads/4.mp4]
[tongtang.lpress.xyz/user/tolisligkopoulos.html]
[tongtang.lpress.xyz/uploads/2021-07-07-60e5baa2d41a9.png]
[tongtang.lpress.xyz/uploads/5.mp4]
[tongtang.lpress.xyz/uploads/6.mp4]
[tongtang.lpress.xyz/uploads/7.mp4]
[tongtang.lpress.xyz/uploads/8.mp4]
[tongtang.lpress.xyz/user/nawsheen-nahreen.html]
[tongtang.lpress.xyz/uploads/profile12.png]
[tongtang.lpress.xyz/user/shotachelidze.html]
[tongtang.lpress.xyz/uploads/default.png]
[tongtang.lpress.xyz/user/ashishkumar.html]
[tongtang.lpress.xyz/user/sabnam-faria.html]
[tongtang.lpress.xyz/uploads/profile15.png]
[tongtang.lpress.xyz/user/mohamadidelbi.html]
[tongtang.lpress.xyz/user/beqawincehster.html]
[tongtang.lpress.xyz/user/urva-shirautela.html]
[tongtang.lpress.xyz/uploads/profile14.png]
[tongtang.lpress.xyz/user/jatinsharma.html]
[tongtang.lpress.xyz/frontend/js/vendor/jquery-3.5.1.js]
[tongtang.lpress.xyz/frontend/js/popper.min.js]
[tongtang.lpress.xyz/frontend/js/bootstrap.min.js]
[tongtang.lpress.xyz/frontend/js/infinite-scroll.pkgd.min.js]
[tongtang.lpress.xyz/frontend/js/jquery.pjax.js]
[tongtang.lpress.xyz/frontend/js/nprogress.js]
[tongtang.lpress.xyz/frontend/js/main.js]
[tongtang.lpress.xyz/frontend/js/custom-pjax.js]
[tongtang.lpress.xyz/frontend/js/loadmore/loadmore.js]
[tongtang.lpress.xyz/frontend/js/loadmore/videoloadmore.js]
[tongtang.lpress.xyz/frontend/js/settings/settings.js]
[tongtang.lpress.xyz/frontend/js/settings/customsettings.js]
[tongtang.lpress.xyz/frontend/js/modal/modal.js]
[tongtang.lpress.xyz/index.html]
[tongtang.lpress.xyz/frontend/css/bootstrap.min.css]
[tongtang.lpress.xyz/frontend/js/loadmore/userloadmore.js]
[tongtang.lpress.xyz/frontend/fonts/fa-brands-400.eot]
[tongtang.lpress.xyz/frontend/fonts/fa-brands-400d41d.eot]
[tongtang.lpress.xyz/frontend/fonts/fa-brands-400.woff]
[tongtang.lpress.xyz/frontend/fonts/fa-brands-400.ttf]
[tongtang.lpress.xyz/frontend/fonts/fa-brands-400.svg]
[tongtang.lpress.xyz/frontend/fonts/fa-regular-400.eot]
[tongtang.lpress.xyz/frontend/fonts/fa-regular-400d41d.eot]
[tongtang.lpress.xyz/frontend/fonts/fa-regular-400.woff]
[tongtang.lpress.xyz/frontend/fonts/fa-regular-400.ttf]
[tongtang.lpress.xyz/frontend/fonts/fa-regular-400.svg]
[tongtang.lpress.xyz/frontend/fonts/fa-solid-900.eot]
[tongtang.lpress.xyz/frontend/fonts/fa-solid-900d41d.eot]
[tongtang.lpress.xyz/frontend/fonts/fa-solid-900.woff]
[tongtang.lpress.xyz/frontend/fonts/fa-solid-900.ttf]
[tongtang.lpress.xyz/frontend/css/fontawesome-all.min.css]
[tongtang.lpress.xyz/frontend/css/font.css]
[tongtang.lpress.xyz/frontend/css/nprogress.css]
[tongtang.lpress.xyz/frontend/css/default.css]
[tongtang.lpress.xyz/frontend/css/style.css]
[tongtang.lpress.xyz/frontend/css/responsive.css]
[tongtang.lpress.xyz/frontend/fonts/fa-solid-900.svg]
[tongtang.lpress.xyz/user/arafathossain.html]
[tongtang.lpress.xyz/uploads/2021-08-11-6113a4e821e67.jpg]
[tongtang.lpress.xyz/user/somprity-chowdhury.html]
[tongtang.lpress.xyz/uploads/profile5.png]
[tongtang.lpress.xyz/user/neelanjona-neela.html]
[tongtang.lpress.xyz/uploads/profile6.png]
[tongtang.lpress.xyz/user/srabanti-smile.html]
[tongtang.lpress.xyz/uploads/profile7.png]
[tongtang.lpress.xyz/user/tahsankhan-ahamed.html]
[tongtang.lpress.xyz/uploads/profile8.png]
[tongtang.lpress.xyz/user/premraj-man.html]
[tongtang.lpress.xyz/uploads/profile9.png]
[tongtang.lpress.xyz/user/creative-it.html]
[tongtang.lpress.xyz/uploads/profile10.png]
[tongtang.lpress.xyz/user/tamim-hossain.html]
[tongtang.lpress.xyz/uploads/profile11.png]
[tongtang.lpress.xyz/user/peya-jannatul.html]
[tongtang.lpress.xyz/uploads/profile13.png]
[tongtang.lpress.xyz/search.html]
[tongtang.lpress.xyz/password/reset.html]
[tongtang.lpress.xyz/login.html]
[tongtang.lpress.xyz/register.html]
[tongtang.lpress.xyz/user/roberto-dev.html]
[tongtang.lpress.xyz/uploads/profile19.png]
[tongtang.lpress.xyz/user/safyan-sary.html]
[tongtang.lpress.xyz/uploads/profile16.png]
[tongtang.lpress.xyz/user/aleksandrmedvedev.html]
[tongtang.lpress.xyz/user/abbasawad.html]
[tongtang.lpress.xyz/user/jettv.html]
[tongtang.lpress.xyz/user/alison-phood.html]
[tongtang.lpress.xyz/user/vivekkr.html]
[tongtang.lpress.xyz/uploads/2021-05-25-60ad5bfaf1396.jpg]
[tongtang.lpress.xyz/user/dsfsdsdfsd.html]
[tongtang.lpress.xyz/uploads/2021-08-20-611efcc12bd13.jpg]
[tongtang.lpress.xyz/user/ankhi-alamgir.html]
[tongtang.lpress.xyz/user/asdasd.html]
[tongtang.lpress.xyz/user/hamid-mousumi.html]
[tongtang.lpress.xyz/uploads/profile18.png]
[tongtang.lpress.xyz/user/aghilhavii.html]
[tongtang.lpress.xyz/user/pauladams.html]
[tongtang.lpress.xyz/user/tolisligkopoulos.html]
[tongtang.lpress.xyz/user/testtest.html]
[tongtang.lpress.xyz/user/ozondumichael.html]
[tongtang.lpress.xyz/user/luis-fernandoyy.html]
[tongtang.lpress.xyz/user/dillip-kumarp.html]
[tongtang.lpress.xyz/user/nawsheen-nahreen.html]
[tongtang.lpress.xyz/user/pantapantelic.html]
[tongtang.lpress.xyz/user/andyholy.html]
[tongtang.lpress.xyz/user/kullapsukpa.html]
[tongtang.lpress.xyz/user/testeteste.html]
[tongtang.lpress.xyz/user/shotachelidze.html]
[tongtang.lpress.xyz/user/muhammadyasir.html]
[tongtang.lpress.xyz/uploads/2021-05-19-60a518907ec7b.jpg]
[tongtang.lpress.xyz/user/bhabna-ashna.html]
[tongtang.lpress.xyz/uploads/profile17.png]
[tongtang.lpress.xyz/user/ashishkumar.html]
[tongtang.lpress.xyz/user/rk.html]
[tongtang.lpress.xyz/user/sabnam-faria.html]
[tongtang.lpress.xyz/user/dfgfdgfdgfdgdfgdfg.html]
[tongtang.lpress.xyz/user/farodonsaripov.html]
[tongtang.lpress.xyz/user/mohamadidelbi.html]
[tongtang.lpress.xyz/user/recowilson.html]
[tongtang.lpress.xyz/user/fddsdfsf.html]
[tongtang.lpress.xyz/user/farafara.html]
[tongtang.lpress.xyz/user/didired.html]
[tongtang.lpress.xyz/user/beqawincehster.html]
[tongtang.lpress.xyz/user/rajeshpundeer.html]
[tongtang.lpress.xyz/user/rinkurai.html]
[tongtang.lpress.xyz/user/urva-shirautela.html]
[tongtang.lpress.xyz/user/abbasa.html]
[tongtang.lpress.xyz/user/mohnedtamer.html]
[tongtang.lpress.xyz/user/luis-fernandokjjk.html]
[tongtang.lpress.xyz/user/jatinsharma.html]
[tongtang.lpress.xyz/frontend/fonts/fa-brands-400.html]
[tongtang.lpress.xyz/frontend/fonts/fa-brands-400.svg]
[tongtang.lpress.xyz/frontend/fonts/fa-regular-400.html]
[tongtang.lpress.xyz/frontend/fonts/fa-regular-400.svg]
[tongtang.lpress.xyz/frontend/fonts/fa-solid-900.html]
[tongtang.lpress.xyz/frontend/fonts/fa-solid-900.svg]
[tongtang.lpress.xyz/user/arafathossain.html]
[tongtang.lpress.xyz/user/betheloti.html]
[tongtang.lpress.xyz/user/fawazg.html]
[tongtang.lpress.xyz/user/karakamann.html]
[tongtang.lpress.xyz/user/somprity-chowdhury.html]
[tongtang.lpress.xyz/user/dhanabal.html]
[tongtang.lpress.xyz/user/abderraoufkthbb.html]
[tongtang.lpress.xyz/user/neelanjona-neela.html]
[tongtang.lpress.xyz/user/srabanti-smile.html]
[tongtang.lpress.xyz/user/fduhguhfasrgearg.html]
[tongtang.lpress.xyz/user/tahsankhan-ahamed.html]
[tongtang.lpress.xyz/user/alainwebcreator.html]
[tongtang.lpress.xyz/user/birimoniki.html]
[tongtang.lpress.xyz/user/premraj-man.html]
[tongtang.lpress.xyz/user/creative-it.html]
[tongtang.lpress.xyz/user/jaya-ahsan.html]
[tongtang.lpress.xyz/uploads/profile20.png]
[tongtang.lpress.xyz/user/kjhjkhlkhklhkl.html]
[tongtang.lpress.xyz/user/registv.html]
[tongtang.lpress.xyz/user/tamim-hossain.html]
[tongtang.lpress.xyz/user/sesssssessss.html]
[tongtang.lpress.xyz/user/peya-jannatul.html]
[tongtang.lpress.xyz/password/reset.html]
[tongtang.lpress.xyz/register.html]
[tongtang.lpress.xyz/user/seases.html]
[tongtang.lpress.xyz/user/hvcghvgghcgtziijv.html]
[tongtang.lpress.xyz/user/roberto-dev.html]
[tongtang.lpress.xyz/user/safyan-sary.html]
[tongtang.lpress.xyz/user/aleksandrmedvedev.html]
[tongtang.lpress.xyz/user/ivandol.html]
[tongtang.lpress.xyz/uploads/2021-06-06-60bc9d01e7e13.jpg]
[tongtang.lpress.xyz/user/abbasawad.html]
[tongtang.lpress.xyz/user/thomasmillian.html]
[tongtang.lpress.xyz/user/jettv.html]
[tongtang.lpress.xyz/user/riturajbharti.html]
[tongtang.lpress.xyz/user/vivekkr.html]
[tongtang.lpress.xyz/user/dsfsdsdfsd.html]
[tongtang.lpress.xyz/user/asdasd.html]
[tongtang.lpress.xyz/user/hamid-mousumi.html]
[tongtang.lpress.xyz/user/aghilhavii.html]
[tongtang.lpress.xyz/user/waleeda.html]
[tongtang.lpress.xyz/user/pauladams.html]
[tongtang.lpress.xyz/user/testtest.html]
[tongtang.lpress.xyz/user/mehmet-canulker.html]
[tongtang.lpress.xyz/user/ozondumichael.html]
[tongtang.lpress.xyz/user/imalkakav.html]
[tongtang.lpress.xyz/user/yogeshsingh.html]
[tongtang.lpress.xyz/user/luis-fernandoyy.html]
[tongtang.lpress.xyz/user/testaccount.html]
[tongtang.lpress.xyz/user/dillip-kumarp.html]
[tongtang.lpress.xyz/user/ejejejjjejejeje.html]
[tongtang.lpress.xyz/user/pantapantelic.html]
[tongtang.lpress.xyz/user/andyholy.html]
[tongtang.lpress.xyz/user/rachidrachid.html]
[tongtang.lpress.xyz/uploads/2021-06-11-60c34c774af20.jpg]
[tongtang.lpress.xyz/user/kullapsukpa.html]
[tongtang.lpress.xyz/user/hfjsixks.html]
[tongtang.lpress.xyz/user/testeteste.html]
[tongtang.lpress.xyz/user/muhammadyasir.html]
[tongtang.lpress.xyz/user/maonguyen.html]
[tongtang.lpress.xyz/user/bhabna-ashna.html]
[tongtang.lpress.xyz/user/rk.html]
[tongtang.lpress.xyz/user/farodonsaripov.html]
[tongtang.lpress.xyz/user/dfgfdgfdgfdgdfgdfg.html]
[tongtang.lpress.xyz/user/recowilson.html]
[tongtang.lpress.xyz/user/fddsdfsf.html]
[tongtang.lpress.xyz/user/farafara.html]
[tongtang.lpress.xyz/user/amiraloren.html]
[tongtang.lpress.xyz/uploads/2021-09-02-6130be2dc6cce.png]
[tongtang.lpress.xyz/user/didired.html]
[tongtang.lpress.xyz/user/atulkumar.html]
[tongtang.lpress.xyz/user/rajeshpundeer.html]
[tongtang.lpress.xyz/user/rinkurai.html]
[tongtang.lpress.xyz/user/abbasa.html]
[tongtang.lpress.xyz/user/mohnedtamer.html]
[tongtang.lpress.xyz/user/luis-fernandokjjk.html]
[tongtang.lpress.xyz/user/betheloti.html]
[tongtang.lpress.xyz/user/betosouza.html]
[tongtang.lpress.xyz/user/fawazg.html]
[tongtang.lpress.xyz/user/karakamann.html]
[tongtang.lpress.xyz/user/mohamadnejjar.html]
[tongtang.lpress.xyz/user/bhavikoza.html]
[tongtang.lpress.xyz/user/dhanabal.html]
[tongtang.lpress.xyz/user/rttfgvg.html]
[tongtang.lpress.xyz/user/abderraoufkthbb.html]
[tongtang.lpress.xyz/user/fduhguhfasrgearg.html]
[tongtang.lpress.xyz/user/alainwebcreator.html]
[tongtang.lpress.xyz/user/birimoniki.html]
[tongtang.lpress.xyz/user/jaya-ahsan.html]
[tongtang.lpress.xyz/user/kjhjkhlkhklhkl.html]
[tongtang.lpress.xyz/user/registv.html]
[tongtang.lpress.xyz/user/sesssssessss.html]
[tongtang.lpress.xyz/user/seases.html]
[tongtang.lpress.xyz/user/gtfdsagbfds.html]
[tongtang.lpress.xyz/user/hvcghvgghcgtziijv.html]
[tongtang.lpress.xyz/user/ivandol.html]
[tongtang.lpress.xyz/user/thomasmillian.html]
[tongtang.lpress.xyz/user/riturajbharti.html]
[tongtang.lpress.xyz/user/waleeda.html]
[tongtang.lpress.xyz/user/mehmet-canulker.html]
[tongtang.lpress.xyz/user/imalkakav.html]
[tongtang.lpress.xyz/user/yogeshsingh.html]
[tongtang.lpress.xyz/user/testaccount.html]
[tongtang.lpress.xyz/user/ejejejjjejejeje.html]
[tongtang.lpress.xyz/user/sumitsingh.html]
[tongtang.lpress.xyz/user/rachidrachid.html]
[tongtang.lpress.xyz/user/hfjsixks.html]
[tongtang.lpress.xyz/user/maonguyen.html]
[tongtang.lpress.xyz/user/amiraloren.html]
[tongtang.lpress.xyz/user/atulkumar.html]
[tongtang.lpress.xyz/popup.html]
[tongtang.lpress.xyz/ellipsis.html]
[tongtang.lpress.xyz/user/betosouza.html]
[tongtang.lpress.xyz/user/mohamadnejjar.html]
[tongtang.lpress.xyz/user/bhavikoza.html]
[tongtang.lpress.xyz/user/marvinnguyen.html]
[tongtang.lpress.xyz/user/rttfgvg.html]
[tongtang.lpress.xyz/user/gtfdsagbfds.html]
[tongtang.lpress.xyz/user/sumitsingh.html]
[tongtang.lpress.xyz/user/marvinnguyen.html]
